didn
run
set
yours
hadn
with
those
themselves
ours
then
work
know
after
call
their
code
because
don't
or
ourselves
it's
to
ani
does
file
myself
shouldn't
should've
has
time
had
under
both
you'll
problem
data
s
at
down
should
wouldn
a
help
chang
isn't
no
each
tri
more
not
own
these
such
way
same
ll
m
that'll
y
on
in
this
you've
can
couldn't
wasn't
very
she
theirs
thank
didn't
did
use
be
find
weren't
exampl
doe
that
for
me
onli
you're
user
while
during
too
between
ve
aren
hasn't
they
mustn't
make
where
been
doing
t
haven
there
his
about
o
new
mightn
you'd
which
the
needn
get
doesn
needn't
few
above
ma
and
aren't
am
what
now
her
she's
you
won't
shan
yourself
being
having
one
himself
any
hadn't
most
creat
herself
until
nor
valu
other
here
itself
if
into
our
like
him
were
but
i
from
was
wasn
shan't
my
will
are
over
ain
want
further
only
how
need
re
shouldn
them
hasn
whom
don
yourselves
have
d
also
as
is
an
function
wouldn't
weren
follow
we
by
couldn
who
it
when
look
he
its
against
out
just
mightn't
do
all
would
so
up
once
before
through
below
your
some
doesn't
haven't
of
than
error
isn
mustn
hers
again
off
won
why